00. The goal of this level is for you to log into the game using SSH. The host to which you need to connect is bandit.labs.overthewire.org, on port 2220. The username is bandit0 and the password is bandit0. Once logged in, go to the Level 1 page to find out how to beat Level 1.

A:
catalinm@cMuraru-LAP:/mnt/c/Users/cmuraru$ ssh -p 2220 bandit.labs.overthewire.org -l bandit0
This is a OverTheWire game server. More information on http://www.overthewire.org/wargames

bandit0@bandit.labs.overthewire.org's password:
Linux bandit.otw.local 5.4.8 x86_64 GNU/Linux

01. The password for the next level is stored in a file called readme located in the home directory. Use this password to log into bandit1 using SSH. Whenever you find a password for a level, use SSH (on port 2220) to log into that level and continue the game.

A:
bandit0@bandit:~$ cat readme
boJ9jbbUNNfktd78OOpsqOltutMc3MY1

02. The password for the next level is stored in a file called - located in the home directory

A: 
bandit1@bandit:~$ cat ~/-
CV1DtqXWVFXTvM2F0k09SHz0YwRINYA9

03. The password for the next level is stored in a file called spaces in this filename located in the home directory

A:
bandit2@bandit:~$ cat spaces\ in\ this\ filename
UmHadQclWmgdLOKQ3YNgjWxGoRMb5luK

04. The password for the next level is stored in a hidden file in the inhere directory.

A:
bandit3@bandit:~$ cat inhere/.hidden
pIwrPrtPN36QITSp3EQaw936yaFoFgAB

05. The password for the next level is stored in the only human-readable file in the inhere directory. Tip: if your terminal is messed up, try the “reset” command.

A:
bandit4@bandit:~$ strings inhere/-file0*
!TQO
koReBOKuIDDepwhWk7jZC0RTdopnAYKh
bandit4@bandit:~$ file inhere/-file0*
inhere/-file00: data
inhere/-file01: data
inhere/-file02: data
inhere/-file03: data
inhere/-file04: data
inhere/-file05: data
inhere/-file06: data
inhere/-file07: ASCII text
inhere/-file08: data
inhere/-file09: data
bandit4@bandit:~$ cat inhere/-file07
koReBOKuIDDepwhWk7jZC0RTdopnAYKh

06. The password for the next level is stored in a file somewhere under the inhere directory and has all of the following properties:

human-readable
1033 bytes in size
not executable

A: 
bandit5@bandit:~$ find . -type f -size 1033c
./inhere/maybehere07/.file2
bandit5@bandit:~$ find . -type f -size 1033c|xargs strings
DXjZPULLxYr17uwoI01bNLQbtFemEgo7

07. The password for the next level is stored somewhere on the server and has all of the following properties:

owned by user bandit7
owned by group bandit6
33 bytes in size

A:
bandit6@bandit:~$ find / -type f -user bandit7 -group bandit6 -size 33c 2>/dev/null
/var/lib/dpkg/info/bandit7.password
bandit6@bandit:~$ find / -type f -user bandit7 -group bandit6 -size 33c 2>/dev/null|xargs cat
HKBPTKQnIay4Fw76bEy8PVxKEDQRKTzs

08. The password for the next level is stored in the file data.txt next to the word millionth

A: 
bandit7@bandit:~$ grep millionth data.txt
millionth       cvX2JJa4CFALtqS87jk27qwqGhBM9plV
bandit7@bandit:~$ grep millionth data.txt |awk {'print $2'}
cvX2JJa4CFALtqS87jk27qwqGhBM9plV

09. The password for the next level is stored in the file data.txt and is the only line of text that occurs only once

A: 
bandit8@bandit:~$ sort data.txt|uniq -c|sort -nr
     10 zdd2ctVveROGeiS2WE3TeLZMeL5jL7iM
     10 Z9OC6DQpppreChPhwRJJV9YYTtrxNVcO
     10 ySvsTwlMgnUF0n86Fgmn2TNjkSOlrV72
     10 yo0HbSe2GM0jJNhRQLxwoPp7ayYEmRKY
     10 XyeJdbrUJyGtdGx8cXLQST0pwu5cvpcA
     10 X1JHOUkrb4KgugMXIzMWWIWvRkeZleTI
     10 wjNwumEX58RUQTrufHMciWz5Yx10GtTC
     10 WBqr9xvf6mYTT5kLcTGCG6jb3ex94xWr
     10 w4zUWFGTUrAAh8lNkS8gH3WK2zowBEkA
     10 VkBAEWyIibVkeURZV5mowiGg6i3m7Be0
     10 v9zaxkVAOdIOlITZY2uoCtB1fX2gmly9
     10 V2d9umHiuPLYLIDsuHj0frOEmreCZMaA
     10 UVnZvhiVQECraz5jl8U14sMVZQhjuXia
     10 UjsVbcqKeJqdCZQCDMkzv6A9X7hLbNE4
     10 UJiCNvDNfgb3fcCj8PjjnAXHqUM63Uyj
     10 UASW6CQwD6MRzftu6FAfyXBK0cVvnBLP
     10 U0NYdD3wHZKpfEg9qGQOLJimAJy6qxhS
     10 tVW9iY1Ml0uHPK4usZnN8oZXbjRt2ATY
     10 TThRArdF2ZEXMO47TIYkyPPLtvzzLcDf
     10 TKUtQbeYnEzzYIne7BinoBx2bHFLBXzG
     10 SzwgS2ADSjP6ypOzp2bIvdqNyusRtrHj
     10 sYSokIATVvFUKU4sAHTtMarfjlZWWj5i
     10 si952kS1y6pt4AFenmm0oIp8n7W5d3bd
     10 SHMAMUEzQe4mV7SJpETTZFsyNRJsZE2k
     10 SA05uWMVCao2rzS8YRqUXh19SvnDpuOl
     10 s1603Q2r4RPKqyoA8cspIRk0VdgEmFC3
     10 RMiSPoAvF7WhgIcOdSQR2r6Zx0DNS5UW
     10 qaWWAOOquC3yHnfJI4zvPWzCBdfHQ8wa
     10 ptb5ZW8TcgD3U6gOGCcN31xCDGIoQSEa
     10 PSdVQSeUUBPRZD58WWP0OXLKxSgU3RxX
     10 PQKOeIQwTw490Y8yobuxZAOL4cNmVo1D
     10 PfbMe4Xb3mw5mJmabIbKAXKCU7zynDHl
     10 OZ1wgx8bDI0vFOFxDQH32eMMcIPiIuPE
     10 ojGabNG5NJ9ppKUBXGr8lwMRRS5GuiA5
     10 NOdH1kFWibx4XnNaJoLFmghBn7oIs5hb
     10 NLWvtQvL7EaqBNx2x4eznRlQONULlCYZ
     10 nJRb4MipHMdTmFylFc1NlqmywgxDSdoI
     10 mzOW32HQZi14kwrdeiquO1LCbyaOtbiT
     10 mpgNGRH628hTQxajScbagkxaPKklUhjn
     10 Lg4vWWvEY7s0bG6BRiA35AHzo2gM6lHg
     10 LfrBHfAh0pP9bgGAZP4QrVkut3pysAYC
     10 l2lECnJkQk8EBl6IO3gHUlnjoCTF1has
     10 l1I3Red7uSH9n30OylHP2hQDbOU0qGaq
     10 kUbOkhsIw6GSp0WI2YUo1Q3hDxFU0iQn
     10 KrDVVORXLPfRhfnRmmuP3OnVHWKDMSM8
     10 KLu6irnqFwhOKnVoTwuoT9e5t6oxYQwv
     10 kJTBMD8k9OHyXwZ2aJMQkV23u0gyuoIO
     10 khecG2RClunkhrgmq4UNB26N5F1yiUwL
     10 KASHOxc1NxaM8caXUw5MHCkddANXOkCu
     10 K9D1CLsVCdkodgvJJIt1oHIaiOY1h8hg
     10 J6Lzp6ZqTJsOuJRTXcvhwKfM0KK3Xtbl
     10 iwE0KTeKQ8PWihqvjUnpu52YZeIO8Pqb
     10 InU7h0xhZh4SMMOMvlnsq03pz0k9J5FX
     10 iKiMcQpNMn2ImOASX39XBUR8XfApdmsj
     10 IkAAyqo1rCrxdY8qH0FfxXkRTTO2GNSf
     10 iIaOHQG7ZLdimomwMQaGIF7vib1RmXBh
     10 I3fc578VLa7mOQ1t9zArPPOPY7aDVBcJ
     10 Hq6uxRAkKPNLnH6eRSFDzXtvVt0CSsee
     10 hA6Ofhj75FPgqnCKEJ9g6pLSKapxxmGC
     10 h2IsJoN6fe0ne0qrTQxeiu0P44hMWWbk
     10 gqyF9CW3NNIiGW27AtWVNPqp3i1fxTMY
     10 g9xRXSlVNiV4EhUAl1p6uPUWcyEewDK6
     10 g1VkH2pk3cmr6aY4np1Dcpm0HF7G9IDT
     10 flyKxCbHB8uLTaIB5LXqQNuJj3yj00eh
     10 f6ZuiZizTliaMOkVYXZMudtaReSYMnkP
     10 f0tri5KLH5eiTU0zQOqWvXTsrl1ekqnU
     10 eTHlmI3pFZ4FQASs32Dm0ETVZWHlP0I1
     10 Ef509iQpb5gQJsjz5dMXLxpeAfkbLOrw
     10 e5HFl4ur1rAxPPv2mHzg1uYKMuos4fwp
     10 DxxLvJl6cGHXLT7OW4xqS7Qrfny1K01l
     10 dV0aGGhk6mB4ZJX1aTTluAUIvLWToTYr
     10 DqPqVp8YCjZ1vFsclwRTg13EuSc2D52X
     10 dqnvnNxL4QR3ALq95ckhZwEpl77cRgF4
     10 dqd5wTVO1cVPJoEY7GGkCdGxG6ZYqW98
     10 dGnfD2LoqTiO1MBf2vmqw1KKEWSHfMKJ
     10 CUqLkjIo0Jz9fNgrjPxiPa7PGGC1wpTQ
     10 cR6riSWC0ST7ALZ2i1e47r3gc0QxShGo
     10 cIPbot7oYveUPNxDMhv1hiri50CqpkTG
     10 bRnktwNdxFy2RPZIshXJikswwEzJGvJ9
     10 BccauS9LeE8NUz4HVLXUwE8M1LWisPlG
     10 aR2QhaBoDMncvJqPWkvLXMzEx9meBIbX
     10 8NtHZnWzCA8HswoJSCU7Ojg8nP3eKpsA
     10 8jtZmvqp9PTi8tp1oybBM663NQH3fhII
     10 7uhj3nhe4AS0esnnEZHBAZN67fJ8BFjM
     10 7KaMzgnYMUeMISP9vuT3Dvsc06qfqa9u
     10 6PF22p6O8TphCTZot9ApZx8VfGuo8rd5
     10 5cO8XuoQWrzsyeOWDht8zgUIVWSRDaeC
     10 5AdqWjoJOEdx5tJmZVBMo0K2e4arD3ZW
     10 4SMqyZZztep75cte6xxKpVL49pKUkV8N
     10 33xpPQhjt4Q2mqtX4sCVRwH2Zyh82E8R
     10 337o85y4OymIh99WPUtotkb114evfAkC
     10 2CxmtCkpNL5ZjuoNzAtShkPXf5T43W7s
     10 2bFz9F0yRwxGzVCZ4Er04bk00qfUrzWb
     10 1T6qw9I32d71cS3TTvwmVp1WsxPFDJ9I
     10 1ETSsKgjfQj1cJeFzXLJWzKzza3iWcJa
     10 10XitczY5Dz7UMoseKIeFWSzzwQrylfw
     10 0Xo6DLyK5izRqEtBA7sW2SRmlAixWYSg
     10 0N65ZPpNGkUJePzFxctCRZRXVrCbUGfm
     10 0efnqHY1ZTNRu4LsDX4D73DsxIQq7RuJ
     10 07KC3ukwX7kswl8Le9ebb3H3sOoNTsR2
      1 UsvVyFSfZZWbi6wgC7dAFyFuR6jQQUhR

10. The password for the next level is stored in the file data.txt in one of the few human-readable strings, preceded by several ‘=’ characters.

A:
bandit9@bandit:~$ strings data.txt |grep "=="
========== the*2i"4
========== password
Z)========== is
&========== truKLdjsbJ5g7yyJ2X2R0o3a5HQJFuLk
bandit9@bandit:~$

11. The password for the next level is stored in the file data.txt, which contains base64 encoded data

A:
bandit10@bandit:~$ cat data.txt
VGhlIHBhc3N3b3JkIGlzIElGdWt3S0dzRlc4TU9xM0lSRnFyeEUxaHhUTkViVVBSCg==
bandit10@bandit:~$ base64 -d data.txt
The password is IFukwKGsFW8MOq3IRFqrxE1hxTNEbUPR

12. The password for the next level is stored in the file data.txt, where all lowercase (a-z) and uppercase (A-Z) letters have been rotated by 13 positions

A: 
bandit11@bandit:~$ cat data.txt
Gur cnffjbeq vf 5Gr8L4qetPEsPk8htqjhRK8XSP6x2RHh
bandit11@bandit:~$ cat data.txt|tr 'A-Za-z' 'N-ZA-Mn-za-m'
The password is 5Te8Y4drgCRfCx8ugdwuEX8KFC6k2EUu

13. The password for the next level is stored in the file data.txt, which is a hexdump of a file that has been repeatedly compressed. For this level it may be useful to create a directory under /tmp in which you can work using mkdir. For example: mkdir /tmp/myname123. Then copy the datafile using cp, and rename it using mv (read the manpages!)

A: 
bandit12@bandit:~$ file data.txt
data.txt: ASCII text
bandit12@bandit:~$ more data.txt
00000000: 1f8b 0808 0650 b45e 0203 6461 7461 322e  .....P.^..data2.
00000010: 6269 6e00 013d 02c2 fd42 5a68 3931 4159  bin..=...BZh91AY
00000020: 2653 598e 4f1c c800 001e 7fff fbf9 7fda  &SY.O...........
00000030: 9e7f 4f76 9fcf fe7d 3fff f67d abde 5e9f  ..Ov...}?..}..^.
00000040: f3fe 9fbf f6f1 feee bfdf a3ff b001 3b1b  ..............;.
00000050: 5481 a1a0 1ea0 1a34 d0d0 001a 68d3 4683  T......4....h.F.
00000060: 4680 0680 0034 1918 4c4d 190c 4000 0001  F....4..LM..@...
00000070: a000 c87a 81a3 464d a8d3 43c5 1068 0346  ...z..FM..C..h.F
00000080: 8343 40d0 3400 0340 66a6 8068 0cd4 f500  .C@.4..@f..h....
00000090: 69ea 6800 0f50 68f2 4d00 680d 06ca 0190  i.h..Ph.M.h.....
000000a0: 0000 69a1 a1a0 1ea0 194d 340d 1ea1 b280  ..i......M4.....
000000b0: f500 3406 2340 034d 3400 0000 3403 d400  ..4.#@.M4...4...
000000c0: 1a07 a832 3400 f51a 0003 43d4 0068 0d34  ...24.....C..h.4
000000d0: 6868 f51a 3d43 2580 3e58 061a 2c89 6bf3  hh..=C%.>X..,.k.
000000e0: 0163 08ab dc31 91cd 1747 599b e401 0b06  .c...1...GY.....
000000f0: a8b1 7255 a3b2 9cf9 75cc f106 941b 347a  ..rU....u.....4z
00000100: d616 55cc 2ef2 9d46 e7d1 3050 b5fb 76eb  ..U....F..0P..v.
00000110: 01f8 60c1 2201 33f0 0de0 4aa6 ec8c 914f  ..`.".3...J....O
00000120: cf8a aed5 7b52 4270 8d51 6978 c159 8b5a  ....{RBp.Qix.Y.Z
00000130: 2164 fb1f c26a 8d28 b414 e690 bfdd b3e1  !d...j.(........
00000140: f414 2f9e d041 c523 b641 ac08 0c0b 06f5  ../..A.#.A......
00000150: dd64 b862 1158 3f9e 897a 8cae 32b0 1fb7  .d.b.X?..z..2...
00000160: 3c82 af41 20fd 6e7d 0a35 2833 41bd de0c  <..A .n}.5(3A...
00000170: 774f ae52 a1ac 0fb2 8c36 ef58 537b f30a  wO.R.....6.XS{..
00000180: 1510 cab5 cb51 4231 95a4 d045 b95c ea09  .....QB1...E.\..
00000190: 9fa0 4d33 ba43 22c9 b5be d0ea eeb7 ec85  ..M3.C".........
000001a0: 59fc 8bf1 97a0 87a5 0df0 7acd d555 fc11  Y.........z..U..
000001b0: 223f fdc6 2be3 e809 c974 271a 920e acbc  "?..+....t'.....
000001c0: 0de1 f1a6 393f 4cf5 50eb 7942 86c3 3d7a  ....9?L.P.yB..=z
bandit12@bandit:~$ xxd -r data.txt > data
-bash: data: Permission denied
bandit12@bandit:~$ mkdir /tmp/cata
bandit12@bandit:~$ cp data.txt /tmp/cata; cd /tmp/cata
bandit12@bandit:/tmp/cata$ xxd -r data.txt > data
bandit12@bandit:/tmp/cata$ file data
data: gzip compressed data, was "data2.bin", last modified: Thu May  7 18:14:30 2020, max compression, from Unix
bandit12@bandit:/tmp/cata$ gunzip -d data
gzip: data: unknown suffix -- ignored
bandit12@bandit:/tmp/cata$ ls
data  data.txt
bandit12@bandit:/tmp/cata$ file data
data: gzip compressed data, was "data2.bin", last modified: Thu May  7 18:14:30 2020, max compression, from Unix
bandit12@bandit:/tmp/cata$ gunzip -df data
gzip: data: unknown suffix -- ignored
bandit12@bandit:/tmp/cata$ mv data data.gz
bandit12@bandit:/tmp/cata$ gunzip -d data.gz
bandit12@bandit:/tmp/cata$ file
file         file-rename
bandit12@bandit:/tmp/cata$ file
file         file-rename
bandit12@bandit:/tmp/cata$ file data
data      data.txt
bandit12@bandit:/tmp/cata$ file data
data: bzip2 compressed data, block size = 900k
bandit12@bandit:/tmp/cata$ bzip2 -d data
bzip2: Can't guess original name for data -- using data.out
bandit12@bandit:/tmp/cata$ file data.out
data.out: gzip compressed data, was "data4.bin", last modified: Thu May  7 18:14:30 2020, max compression, from Unix
bandit12@bandit:/tmp/cata$ mv data.out data.out.gz && gunzip -d data.out.gz
bandit12@bandit:/tmp/cata$ file data.
data.out  data.txt
bandit12@bandit:/tmp/cata$ file data.out
data.out: POSIX tar archive (GNU)
bandit12@bandit:/tmp/cata$ tar xf data.out
bandit12@bandit:/tmp/cata$ file data
data5.bin  data.out   data.txt
bandit12@bandit:/tmp/cata$ file data5.bin
data5.bin: POSIX tar archive (GNU)
bandit12@bandit:/tmp/cata$ tar xf data5.bin
bandit12@bandit:/tmp/cata$ file data
data5.bin  data6.bin  data.out   data.txt
bandit12@bandit:/tmp/cata$ file data6.bin
data6.bin: bzip2 compressed data, block size = 900k
bandit12@bandit:/tmp/cata$ bzip2
bzip2         bzip2recover
bandit12@bandit:/tmp/cata$ bzip2 -d data6.bin
bzip2: Can't guess original name for data6.bin -- using data6.bin.out
bandit12@bandit:/tmp/cata$ file data6.bin.out
data6.bin.out: POSIX tar archive (GNU)
bandit12@bandit:/tmp/cata$ tar xf data6.bin.out
bandit12@bandit:/tmp/cata$ file data
data5.bin      data6.bin.out  data8.bin      data.out       data.txt
bandit12@bandit:/tmp/cata$ file data8.bin
data8.bin: gzip compressed data, was "data9.bin", last modified: Thu May  7 18:14:30 2020, max compression, from Unix
bandit12@bandit:/tmp/cata$ mv data8.bin data8.gz && gunzip -d data8.gz
bandit12@bandit:/tmp/cata$ file data
data5.bin      data6.bin.out  data8          data.out       data.txt
bandit12@bandit:/tmp/cata$ file data8
data8: ASCII text
bandit12@bandit:/tmp/cata$ cat data8
The password is 8ZjyCRiBWFYkneahHwxCv3wb2a1ORpYL

14. The password for the next level is stored in /etc/bandit_pass/bandit14 and can only be read by user bandit14. For this level, you don’t get the next password, but you get a private SSH key that can be used to log into the next level. Note: localhost is a hostname that refers to the machine you are working on

A:
bandit13@bandit:~$ ls -la
total 24
drwxr-xr-x  2 root     root     4096 May  7  2020 .
drwxr-xr-x 41 root     root     4096 May  7  2020 ..
-rw-r--r--  1 root     root      220 May 15  2017 .bash_logout
-rw-r--r--  1 root     root     3526 May 15  2017 .bashrc
-rw-r--r--  1 root     root      675 May 15  2017 .profile
-rw-r-----  1 bandit14 bandit13 1679 May  7  2020 sshkey.private
bandit13@bandit:~$ ssh -i sshkey.private bandit14@localhost
Could not create directory '/home/bandit13/.ssh'.
The authenticity of host 'localhost (127.0.0.1)' can't be established.
ECDSA key fingerprint is SHA256:98UL0ZWr85496EtCRkKlo20X3OPnyPSB5tB5RPbhczc.
Are you sure you want to continue connecting (yes/no)? yes
Failed to add the host to the list of known hosts (/home/bandit13/.ssh/known_hosts).
This is a OverTheWire game server. More information on http://www.overthewire.org/wargames

Linux bandit.otw.local 5.4.8 x86_64 GNU/Linux 

15. The password for the next level can be retrieved by submitting the password of the current level to port 30000 on localhost.

A:
bandit14@bandit:~$ cat /etc/bandit_pass/bandit14
4wcYUJFw0k0XLShlDzztnTBHiqxU3b3e
bandit14@bandit:~$ telnet localhost 30000
Trying 127.0.0.1...
Connected to localhost.
Escape character is '^]'.
4wcYUJFw0k0XLShlDzztnTBHiqxU3b3e
Correct!
BfMYroe26WYalil77FoDi9qh59eK5xNr

Connection closed by foreign host.

16. The password for the next level can be retrieved by submitting the password of the current level to port 30001 on localhost using SSL encryption.

A:
bandit14@bandit:~$ openssl s_client -host localhost -port 30001
CONNECTED(00000003)
depth=0 CN = localhost
verify error:num=18:self signed certificate
verify return:1
depth=0 CN = localhost
verify return:1
---
Certificate chain
 0 s:/CN=localhost
   i:/CN=localhost
---
Server certificate
-----BEGIN CERTIFICATE-----
MIICBjCCAW+gAwIBAgIEZOzuVDANBgkqhkiG9w0BAQUFADAUMRIwEAYDVQQDDAls
b2NhbGhvc3QwHhcNMjEwOTMwMDQ0NTU0WhcNMjIwOTMwMDQ0NTU0WjAUMRIwEAYD
VQQDDAlsb2NhbGhvc3QwgZ8wDQYJKoZIhvcNAQEBBQADgY0AMIGJAoGBAM9En7CC
uPr6cVPATLAVhWMU1hggfIJEp5sZN9RPUbK0zKBv802yD54ObHYmIge6lqqkgXOz
2AuI4UfCG4iMb0UYUCA/wISwNqUQrjcja0OnqzCTRscXzzoIsHbC8lGFzMDRz3Jw
8nBD6/2jvFt1rnBtZ4ghibNn5rFHRi5EC+K/AgMBAAGjZTBjMBQGA1UdEQQNMAuC
CWxvY2FsaG9zdDBLBglghkgBhvhCAQ0EPhY8QXV0b21hdGljYWxseSBnZW5lcmF0
ZWQgYnkgTmNhdC4gU2VlIGh0dHBzOi8vbm1hcC5vcmcvbmNhdC8uMA0GCSqGSIb3
DQEBBQUAA4GBAD7/moj14DUI6/D6imJ8pQlAy/8lZlsrbyRnqpzjWaATShDYr7k3
umdRg+36MciNFAglE7nGYZroTSDCm650D81+797owSXLPAdp1Q6JfQH5LOni2kbw
UHcO9hwQ+rJzEgIlfGOic7dC5lj8DBU5tugY87RZGKiZ2GG77WXas9Iz
-----END CERTIFICATE-----
subject=/CN=localhost
issuer=/CN=localhost
---
No client certificate CA names sent
Peer signing digest: SHA512
Server Temp Key: X25519, 253 bits
---
SSL handshake has read 1019 bytes and written 269 bytes
Verification error: self signed certificate
---
New, TLSv1.2, Cipher is ECDHE-RSA-AES256-GCM-SHA384
Server public key is 1024 bit
Secure Renegotiation IS supported
Compression: NONE
Expansion: NONE
No ALPN negotiated
SSL-Session:
    Protocol  : TLSv1.2
    Cipher    : ECDHE-RSA-AES256-GCM-SHA384
    Session-ID: 5E0AD838BE8BA86965073D03540CB5F1E8BBDCA59E783D70BA5562A6EF1C1F6D
    Session-ID-ctx:
    Master-Key: 813D37D5BFFD3AEC37FA55C20651E9B434841F3E616F8EDD722B22F14B1D5564B9B0B19A7EEB06D7061E124E5ED5F854
    PSK identity: None
    PSK identity hint: None
    SRP username: None
    TLS session ticket lifetime hint: 7200 (seconds)
    TLS session ticket:
    0000 - 8a eb e8 f5 31 15 46 ad-b2 a8 10 c1 51 b9 66 14   ....1.F.....Q.f.
    0010 - ee d9 74 c3 b0 22 9c fd-a7 ba 32 a9 04 82 01 30   ..t.."....2....0
    0020 - 85 38 87 f1 9c 85 1b 9f-12 31 c3 a9 ea 28 f1 2a   .8.......1...(.*
    0030 - 0c be 16 27 36 64 a8 26-a5 68 53 83 8a b0 50 d4   ...'6d.&.hS...P.
    0040 - be c3 ba ff 1a 59 54 17-18 52 4d 7e 83 3c e2 14   .....YT..RM~.<..
    0050 - 49 a0 e7 66 e4 a6 a7 6d-a0 85 db a8 15 b1 13 fb   I..f...m........
    0060 - e2 f0 4e c6 5a 63 e9 54-f3 2a 8e 03 02 ed 7e 67   ..N.Zc.T.*....~g
    0070 - 36 14 15 6c c1 d6 39 e0-b1 23 55 0d ed 3b 6d f4   6..l..9..#U..;m.
    0080 - a4 49 12 09 a4 ac 77 77-69 4f 21 94 30 ce b6 e9   .I....wwiO!.0...
    0090 - 34 32 d1 82 fb 56 86 17-09 75 6a ba a6 cc 4e 7e   42...V...uj...N~

    Start Time: 1637653966
    Timeout   : 7200 (sec)
    Verify return code: 18 (self signed certificate)
    Extended master secret: yes
---
BfMYroe26WYalil77FoDi9qh59eK5xNr
Correct!
cluFn7wTiGryunymYOu4RcffSxQluehd

closed

17. The credentials for the next level can be retrieved by submitting the password of the current level to a port on localhost in the range 31000 to 32000. First find out which of these ports have a server listening on them. Then find out which of those speak SSL and which don’t. There is only 1 server that will give the next credentials, the others will simply send back to you whatever you send to it.

A:
bandit14@bandit:~$ nmap -p 31000-32000 localhost

Starting Nmap 7.40 ( https://nmap.org ) at 2021-11-23 08:56 CET
Nmap scan report for localhost (127.0.0.1)
Host is up (0.00023s latency).
Not shown: 996 closed ports
PORT      STATE SERVICE
31046/tcp open  unknown
31518/tcp open  unknown
31691/tcp open  unknown
31790/tcp open  unknown
31960/tcp open  unknown

Nmap done: 1 IP address (1 host up) scanned in 0.09 seconds
bandit14@bandit:~$ nmap -p 31000-32000 localhost

Starting Nmap 7.40 ( https://nmap.org ) at 2021-11-23 08:56 CET
Nmap scan report for localhost (127.0.0.1)
Host is up (0.00023s latency).
Not shown: 996 closed ports
PORT      STATE SERVICE
31046/tcp open  unknown
31518/tcp open  unknown
31691/tcp open  unknown
31790/tcp open  unknown
31960/tcp open  unknown

Nmap done: 1 IP address (1 host up) scanned in 0.09 seconds
bandit14@bandit:~$ openssl s_client -host localhost -port 31960
CONNECTED(00000003)
139771738959936:error:141A10F4:SSL routines:ossl_statem_client_read_transition:unexpected message:../ssl/statem/statem_clnt.c:284:
---
no peer certificate available
---
No client certificate CA names sent
---
SSL handshake has read 176 bytes and written 183 bytes
Verification: OK
---
New, (NONE), Cipher is (NONE)
Secure Renegotiation IS NOT supported
Compression: NONE
Expansion: NONE
No ALPN negotiated
SSL-Session:
    Protocol  : TLSv1.2
    Cipher    : 0000
    Session-ID:
    Session-ID-ctx:
    Master-Key:
    PSK identity: None
    PSK identity hint: None
    SRP username: None
    Start Time: 1637654323
    Timeout   : 7200 (sec)
    Verify return code: 0 (ok)
    Extended master secret: no
---
bandit14@bandit:~$ openssl s_client -host localhost -port 31790
CONNECTED(00000003)
depth=0 CN = localhost
verify error:num=18:self signed certificate
verify return:1
depth=0 CN = localhost
verify return:1
---
Certificate chain
 0 s:/CN=localhost
   i:/CN=localhost
---
Server certificate
-----BEGIN CERTIFICATE-----
MIICBjCCAW+gAwIBAgIESHcOOjANBgkqhkiG9w0BAQUFADAUMRIwEAYDVQQDDAls
b2NhbGhvc3QwHhcNMjEwOTMwMDQ0NjAyWhcNMjIwOTMwMDQ0NjAyWjAUMRIwEAYD
VQQDDAlsb2NhbGhvc3QwgZ8wDQYJKoZIhvcNAQEBBQADgY0AMIGJAoGBAPQcF7d1
ID9LNKC+iUC3Yc6kW3j8S5ZLNi8ZiYa+gtUH5ruwqyC/QMME3/JiY/nzYXZO2X0o
1ANrcaGCDgFNFbNYBxNSdRLNhfQeXX7OfJh7+MTJ/PHBR2kXeSJJES2DjdlxjK4i
ZmnfJSIK9pziiygDwYKSIkkZfkza9YJttGZ1AgMBAAGjZTBjMBQGA1UdEQQNMAuC
CWxvY2FsaG9zdDBLBglghkgBhvhCAQ0EPhY8QXV0b21hdGljYWxseSBnZW5lcmF0
ZWQgYnkgTmNhdC4gU2VlIGh0dHBzOi8vbm1hcC5vcmcvbmNhdC8uMA0GCSqGSIb3
DQEBBQUAA4GBAIxX2OYx2fzO1PsKOjDcTgCEerfX512NxALJjf8EQuro+mUjxCfy
yNzIzYDRx+sGTeolfqwNZXgWIURjJYHGxhvGRPAnf6HisDrAluLwC0qZE+A6Ez5q
Zx9QvjOFHk8uXkmhW5sIeoPV1a0/vf5RpJFptLZz/Gm+Og5cG23sjPL/
-----END CERTIFICATE-----
subject=/CN=localhost
issuer=/CN=localhost
---
No client certificate CA names sent
Peer signing digest: SHA512
Server Temp Key: X25519, 253 bits
---
SSL handshake has read 1019 bytes and written 269 bytes
Verification error: self signed certificate
---
New, TLSv1.2, Cipher is ECDHE-RSA-AES256-GCM-SHA384
Server public key is 1024 bit
Secure Renegotiation IS supported
Compression: NONE
Expansion: NONE
No ALPN negotiated
SSL-Session:
    Protocol  : TLSv1.2
    Cipher    : ECDHE-RSA-AES256-GCM-SHA384
    Session-ID: 1F4777F1C1689D2B5AC47E5735485C16C32D5CC1E108D5F2F07DAE843659C73B
    Session-ID-ctx:
    Master-Key: 6801593CC2BB61389C4957E6C2F1772200B3B50D526134F3BFD164C6FB24C167C9FC2F17D854A7EA082E3B9AA75603DC
    PSK identity: None
    PSK identity hint: None
    SRP username: None
    TLS session ticket lifetime hint: 7200 (seconds)
    TLS session ticket:
    0000 - 27 6a 7e ce 82 82 53 7f-56 22 fc 0b 04 d0 99 b7   'j~...S.V"......
    0010 - d7 fb 93 ad d4 7d c0 12-64 e8 3b 70 5a 49 f4 23   .....}..d.;pZI.#
    0020 - d0 7c 29 da 26 6f a6 b6-99 61 f3 38 e3 55 16 30   .|).&o...a.8.U.0
    0030 - 61 13 1a 8c 2f 03 b7 eb-2e 5e 21 cd b0 a4 25 d4   a.../....^!...%.
    0040 - 02 9e cc 0a 82 23 46 31-f3 1c 77 14 ed 79 a0 96   .....#F1..w..y..
    0050 - c0 b5 4c 49 1f 62 02 56-3a d6 aa e8 97 05 f2 26   ..LI.b.V:......&
    0060 - 6e 65 8d 1b d5 29 cf 32-35 96 ea fa 74 a2 8b 93   ne...).25...t...
    0070 - d1 c2 4c fc cd e7 4c d6-f6 d3 a3 1f 58 c0 27 67   ..L...L.....X.'g
    0080 - 73 6a 13 46 72 00 ac 9c-aa a1 68 f4 b9 80 63 14   sj.Fr.....h...c.
    0090 - ee 88 df 73 11 7a aa 88-b2 0e 1c d2 36 cf c9 64   ...s.z......6..d

    Start Time: 1637654334
    Timeout   : 7200 (sec)
    Verify return code: 18 (self signed certificate)
    Extended master secret: yes
---
cluFn7wTiGryunymYOu4RcffSxQluehd
Correct!
-----BEGIN RSA PRIVATE KEY-----
MIIEogIBAAKCAQEAvmOkuifmMg6HL2YPIOjon6iWfbp7c3jx34YkYWqUH57SUdyJ
imZzeyGC0gtZPGujUSxiJSWI/oTqexh+cAMTSMlOJf7+BrJObArnxd9Y7YT2bRPQ
Ja6Lzb558YW3FZl87ORiO+rW4LCDCNd2lUvLE/GL2GWyuKN0K5iCd5TbtJzEkQTu
DSt2mcNn4rhAL+JFr56o4T6z8WWAW18BR6yGrMq7Q/kALHYW3OekePQAzL0VUYbW
JGTi65CxbCnzc/w4+mqQyvmzpWtMAzJTzAzQxNbkR2MBGySxDLrjg0LWN6sK7wNX
x0YVztz/zbIkPjfkU1jHS+9EbVNj+D1XFOJuaQIDAQABAoIBABagpxpM1aoLWfvD
KHcj10nqcoBc4oE11aFYQwik7xfW+24pRNuDE6SFthOar69jp5RlLwD1NhPx3iBl
J9nOM8OJ0VToum43UOS8YxF8WwhXriYGnc1sskbwpXOUDc9uX4+UESzH22P29ovd
d8WErY0gPxun8pbJLmxkAtWNhpMvfe0050vk9TL5wqbu9AlbssgTcCXkMQnPw9nC
YNN6DDP2lbcBrvgT9YCNL6C+ZKufD52yOQ9qOkwFTEQpjtF4uNtJom+asvlpmS8A
vLY9r60wYSvmZhNqBUrj7lyCtXMIu1kkd4w7F77k+DjHoAXyxcUp1DGL51sOmama
+TOWWgECgYEA8JtPxP0GRJ+IQkX262jM3dEIkza8ky5moIwUqYdsx0NxHgRRhORT
8c8hAuRBb2G82so8vUHk/fur85OEfc9TncnCY2crpoqsghifKLxrLgtT+qDpfZnx
SatLdt8GfQ85yA7hnWWJ2MxF3NaeSDm75Lsm+tBbAiyc9P2jGRNtMSkCgYEAypHd
HCctNi/FwjulhttFx/rHYKhLidZDFYeiE/v45bN4yFm8x7R/b0iE7KaszX+Exdvt
SghaTdcG0Knyw1bpJVyusavPzpaJMjdJ6tcFhVAbAjm7enCIvGCSx+X3l5SiWg0A
R57hJglezIiVjv3aGwHwvlZvtszK6zV6oXFAu0ECgYAbjo46T4hyP5tJi93V5HDi
Ttiek7xRVxUl+iU7rWkGAXFpMLFteQEsRr7PJ/lemmEY5eTDAFMLy9FL2m9oQWCg
R8VdwSk8r9FGLS+9aKcV5PI/WEKlwgXinB3OhYimtiG2Cg5JCqIZFHxD6MjEGOiu
L8ktHMPvodBwNsSBULpG0QKBgBAplTfC1HOnWiMGOU3KPwYWt0O6CdTkmJOmL8Ni
blh9elyZ9FsGxsgtRBXRsqXuz7wtsQAgLHxbdLq/ZJQ7YfzOKU4ZxEnabvXnvWkU
YOdjHdSOoKvDQNWu6ucyLRAWFuISeXw9a/9p7ftpxm0TSgyvmfLF2MIAEwyzRqaM
77pBAoGAMmjmIJdjp+Ez8duyn3ieo36yrttF5NSsJLAbxFpdlc1gvtGCWW+9Cq0b
dxviW8+TFVEBl1O4f7HVm6EpTscdDxU+bCXWkfjuRb7Dy9GOtt9JPsX8MBTakzh3
vBgsyi/sN3RqRBcGU40fOoZyfAMT8s1m/uYv52O6IgeuZ/ujbjY=
-----END RSA PRIVATE KEY-----

closed

18. There are 2 files in the homedirectory: passwords.old and passwords.new. The password for the next level is in passwords.new and is the only line that has been changed between passwords.old and passwords.new

A: 
bandit17@bandit:~$ diff passwords.new passwords.old
42c42
< kfBf3eYk5BPBRzwjqutbbfE887SVc5Yd
---
> w0Yfolrc5bwjS4qw5mq1nnQi6mF03bii

19. The password for the next level is stored in a file readme in the homedirectory. Unfortunately, someone has modified .bashrc to log you out when you log in with SSH.

A:
catalinm@cMuraru-LAP:~$ ssh -p 2220 bandit.labs.overthewire.org -l bandit18 "cat readme"
This is a OverTheWire game server. More information on http://www.overthewire.org/wargames

bandit18@bandit.labs.overthewire.org's password:
IueksS7Ubh8G3DCwVzrTd8rAVOwq3M5x

20. To gain access to the next level, you should use the setuid binary in the homedirectory. Execute it without arguments to find out how to use it. The password for this level can be found in the usual place (/etc/bandit_pass), after you have used the setuid binary.

A:
bandit19@bandit:~$ ./bandit20-do cat /etc/bandit_pass/bandit20
GbKksEFF4yrVs6il55v6gwY5aVje5f0j

21. There is a setuid binary in the homedirectory that does the following: it makes a connection to localhost on the port you specify as a commandline argument. It then reads a line of text from the connection and compares it to the password in the previous level (bandit20). If the password is correct, it will transmit the password for the next level (bandit21).

A:
bandit20@bandit:~$ nmap -p 1-65500 localhost

Starting Nmap 7.40 ( https://nmap.org ) at 2021-11-23 11:39 CET
Nmap scan report for localhost (127.0.0.1)
Host is up (0.00022s latency).
Not shown: 65489 closed ports
PORT      STATE SERVICE
22/tcp    open  ssh
113/tcp   open  ident
30000/tcp open  ndmps
30001/tcp open  pago-services1
30002/tcp open  pago-services2
31046/tcp open  unknown
31518/tcp open  unknown
31691/tcp open  unknown
31790/tcp open  unknown
31960/tcp open  unknown
33825/tcp open  unknown

Nmap done: 1 IP address (1 host up) scanned in 2.70 seconds
bandit20@bandit:~$ ./suconnect 33825
Read: GbKksEFF4yrVs6il55v6gwY5aVje5f0j
Password matches, sending next password
bandit20@bandit:~$
------------
bandit20@bandit:~$ nc -l localhost -p 33825
GbKksEFF4yrVs6il55v6gwY5aVje5f0j
gE269g2h3mw3pwgrj0Ha9Uoqen1c9DGr

22. A program is running automatically at regular intervals from cron, the time-based job scheduler. Look in /etc/cron.d/ for the configuration and see what command is being executed.

A:
bandit21@bandit:~$ crontab -l
crontabs/bandit21/: fopen: Permission denied
bandit21@bandit:~$ ls -la /etc/cron.d/
total 36
drwxr-xr-x  2 root root 4096 Jul 11  2020 .
drwxr-xr-x 87 root root 4096 May 14  2020 ..
-rw-r--r--  1 root root   62 May 14  2020 cronjob_bandit15_root
-rw-r--r--  1 root root   62 Jul 11  2020 cronjob_bandit17_root
-rw-r--r--  1 root root  120 May  7  2020 cronjob_bandit22
-rw-r--r--  1 root root  122 May  7  2020 cronjob_bandit23
-rw-r--r--  1 root root  120 May 14  2020 cronjob_bandit24
-rw-r--r--  1 root root   62 May 14  2020 cronjob_bandit25_root
-rw-r--r--  1 root root  102 Oct  7  2017 .placeholder
bandit21@bandit:~$ cat /etc/cron.d/cronjob_bandit22
@reboot bandit22 /usr/bin/cronjob_bandit22.sh &> /dev/null
* * * * * bandit22 /usr/bin/cronjob_bandit22.sh &> /dev/null
bandit21@bandit:~$  /usr/bin/cronjob_bandit22.sh
chmod: changing permissions of '/tmp/t7O6lds9S0RqQh9aMcz6ShpAoZKF7fgv': Operation not permitted
/usr/bin/cronjob_bandit22.sh: line 3: /tmp/t7O6lds9S0RqQh9aMcz6ShpAoZKF7fgv: Permission denied
bandit21@bandit:~$ cat  /usr/bin/cronjob_bandit22.sh
#!/bin/bash
chmod 644 /tmp/t7O6lds9S0RqQh9aMcz6ShpAoZKF7fgv
cat /etc/bandit_pass/bandit22 > /tmp/t7O6lds9S0RqQh9aMcz6ShpAoZKF7fgv
bandit21@bandit:~$ cat /tmp/t7O6lds9S0RqQh9aMcz6ShpAoZKF7fgv
Yk7owGAcWjwMVRwrTesJEwB7WVOiILLI

23.   A program is running automatically at regular intervals from cron, the time-based job scheduler. Look in /etc/cron.d/ for the configuration and see what command is being executed.

NOTE: Looking at shell scripts written by other people is a very useful skill. The script for this level is intentionally made easy to read. If you are having problems understanding what it does, try executing it to see the debug information it prints.

A: 
bandit22@bandit:~$ ls -la /etc/cron.d/
total 36
drwxr-xr-x  2 root root 4096 Jul 11  2020 .
drwxr-xr-x 87 root root 4096 May 14  2020 ..
-rw-r--r--  1 root root   62 May 14  2020 cronjob_bandit15_root
-rw-r--r--  1 root root   62 Jul 11  2020 cronjob_bandit17_root
-rw-r--r--  1 root root  120 May  7  2020 cronjob_bandit22
-rw-r--r--  1 root root  122 May  7  2020 cronjob_bandit23
-rw-r--r--  1 root root  120 May 14  2020 cronjob_bandit24
-rw-r--r--  1 root root   62 May 14  2020 cronjob_bandit25_root
-rw-r--r--  1 root root  102 Oct  7  2017 .placeholder
bandit22@bandit:~$ cat /etc/cron.d/cronjob_bandit23
@reboot bandit23 /usr/bin/cronjob_bandit23.sh  &> /dev/null
* * * * * bandit23 /usr/bin/cronjob_bandit23.sh  &> /dev/null
bandit22@bandit:~$ cat /usr/bin/cronjob_bandit23.sh
#!/bin/bash

myname=$(whoami)
mytarget=$(echo I am user $myname | md5sum | cut -d ' ' -f 1)

echo "Copying passwordfile /etc/bandit_pass/$myname to /tmp/$mytarget"

cat /etc/bandit_pass/$myname > /tmp/$mytarget
bandit22@bandit:~$ echo I am user bandit23 | md5sum | cut -d ' ' -f 1
8ca319486bfbbc3663ea0fbe81326349
bandit22@bandit:~$ echo "Copying passwordfile /etc/bandit_pass/bandit23 to /tmp/8ca319486bfbbc3663ea0fbe81326349"
Copying passwordfile /etc/bandit_pass/bandit23 to /tmp/8ca319486bfbbc3663ea0fbe81326349
bandit22@bandit:~$ cat /etc/bandit_pass/bandit23 > /tmp/8ca319486bfbbc3663ea0fbe81326349
-bash: /tmp/8ca319486bfbbc3663ea0fbe81326349: Permission denied
bandit22@bandit:~$ cat /tmp/8ca319486bfbbc3663ea0fbe81326349
jc1udXuA1tiHqjIsL8yaapX5XIAI6i0n
bandit22@bandit:~$

24. A program is running automatically at regular intervals from cron, the time-based job scheduler. Look in /etc/cron.d/ for the configuration and see what command is being executed.

NOTE: This level requires you to create your own first shell-script. This is a very big step and you should be proud of yourself when you beat this level!

NOTE 2: Keep in mind that your shell script is removed once executed, so you may want to keep a copy around…

A: 
still working on it!!!!